// Jest Snapshot v1, https://goo.gl/fbAQLP

exports[`templateWrapper snapshot Api is down 400 1`] = `
Array [
  <h1>
    Error 400
  </h1>,
  <p>
    API is down
  </p>,
]
`;

exports[`templateWrapper snapshot Page not found 404 1`] = `
Array [
  <h1>
    404 TEMPLATE
  </h1>,
  <br />,
  <pre>
    {
  "id": "XgeIahIAACEARC-h",
  "uid": null,
  "type": "global_config",
  "href": "https://lichtbrecher.cdn.prismic.io/api/v2/documents/search?ref=XhnmmxUAACIAIDxH&q=%5B%5B%3Ad+%3D+at%28document.id%2C+%22XgeIahIAACEARC-h%22%29+%5D%5D",
  "tags": [],
  "first_publication_date": "2019-12-28T16:53:02+0000",
  "last_publication_date": "2019-12-28T16:53:10+0000",
  "slugs": [
    "globale-einstellungen"
  ],
  "linked_documents": [],
  "lang": "de-de",
  "alternate_languages": [
    {
      "id": "XgeLhBIAACEARD1W",
      "type": "global_config",
      "lang": "en-gb"
    }
  ],
  "data": {
    "display_name": [
      {
        "type": "heading1",
        "text": "Globale Einstellungen",
        "spans": []
      }
    ]
  }
}
  </pre>,
]
`;

exports[`templateWrapper snapshot default 1`] = `
<h1>
  Hello world!
</h1>
`;
